{
  "workflowRunCount" : 1,
  "studies" : [ "JDRT" ],
  "sequencerRuns" : [ "150423_D00353_0101_AC6JH4ANXX", "150428_D00343_0085_AC5UT4ANXX", "150501_D00353_0102_AC6VTDANXX", "150715_D00355_0088_BC6UPTANXX", "150721_D00355_0089_AC6C9UANXX" ],
  "lanes" : [ "150423_D00353_0101_AC6JH4ANXX_lane_1", "150423_D00353_0101_AC6JH4ANXX_lane_2", "150428_D00343_0085_AC5UT4ANXX_lane_7", "150501_D00353_0102_AC6VTDANXX_lane_8", "150715_D00355_0088_BC6UPTANXX_lane_8", "150721_D00355_0089_AC6C9UANXX_lane_1" ],
  "samples" : [ "JDRT_0087_nn_R_PE_352_EX", "JDRT_0087_nn_T_PE_320_EX", "JDRT_0087_nn_T_PE_366_EX" ],
  "workflows" : [ "GenomicAlignmentNovoalign_V2.07.15b" ],
  "processingAlgorithms" : [ "ProvisionFiles" ],
  "fileMetaTypes" : [ "application/bam" ],
  "maxInputFiles" : 6,
  "minInputFiles" : 6,
  "totalInputFiles" : 6,
  "workflowRuns" : [ {
    "workflowIni" : {
      "R_module" : "R/3.2.1",
      "Rlibs_version" : "3.2",
      "bicseq_version" : "1.1.2",
      "data_dir" : "data",
      "do_sort" : "true",
      "external_name" : "NA",
      "force_crosscheck" : "true",
      "freec_version" : "7.2",
      "group_id" : "NA",
      "group_id_description" : "NA",
      "hmmcopy_version" : "0.99.0",
      "input_files_normal" : "/oicr/data/archive/seqware/seqware_analysis_8/hsqwprod/results/GenomicAlignmentNovoalign_V2.07.15b_2.2.1/7353225/SWID_1841035_JDRT_0087_nn_R_PE_352_EX_150428_D00343_0085_AC5UT4ANXX_ATTGGCTC_L007_R1_001.annotated.bam,/oicr/data/archive/seqware/seqware_analysis_8/hsqwprod/results/GenomicAlignmentNovoalign_V2.07.15b_2.2.1/95681978/SWID_1848026_JDRT_0087_nn_R_PE_352_EX_150501_D00353_0102_AC6VTDANXX_ATTGGCTC_L008_R1_001.annotated.bam",
      "input_files_tumor" : "/oicr/data/archive/seqware/seqware_analysis_8/hsqwprod/results/GenomicAlignmentNovoalign_V2.07.15b_2.2.1/66949362/SWID_1793392_JDRT_0087_nn_T_PE_366_EX_150423_D00353_0101_AC6JH4ANXX_ATCATTCC_L002_R1_001.annotated.bam,/oicr/data/archive/seqware/seqware_analysis_8/hsqwprod/results/GenomicAlignmentNovoalign_V2.07.15b_2.2.1/37719118/SWID_1793393_JDRT_0087_nn_T_PE_366_EX_150423_D00353_0101_AC6JH4ANXX_ATCATTCC_L001_R1_001.annotated.bam,/oicr/data/archive/seqware/seqware_analysis_8/hsqwprod/results/GenomicAlignmentNovoalign_V2.07.15b_2.2.1/53545014/SWID_2276867_JDRT_0087_nn_T_PE_320_EX_150715_D00355_0088_BC6UPTANXX_CGAACTTA_L008_R1_001.annotated.bam,/oicr/data/archive/seqware/seqware_analysis_8/hsqwprod/results/GenomicAlignmentNovoalign_V2.07.15b_2.2.1/85527566/SWID_2322013_JDRT_0087_nn_T_PE_320_EX_150721_D00355_0089_AC6C9UANXX_CGAACTTA_L001_R1_001.annotated.bam",
      "jre-version" : "1.7.0_51",
      "manual_output" : "false",
      "metadata" : "metadata",
      "output_dir" : "seqware-results",
      "queue" : "",
      "reference_fasta" : "/.mounts/labs/PDE/data/reference/hg19_random/fasta/UCSC/hg19_random.fa",
      "reference_gc" : "/.mounts/labs/PDE/data/HMMcopy/hg19_random.gc.wig",
      "reference_len_file" : "/.mounts/labs/PDE/data/FREEC/hg19_chr.len",
      "reference_map" : "/.mounts/labs/PDE/data/HMMcopy/hg19_random.map.wig",
      "samtools_version" : "0.1.19",
      "skip_missing_files" : "true",
      "supported_chromosomes" : "chr1,chr2,chr3,chr4,chr5,chr6,chr7,chr8,chr9,chr10,chr11,chr12,chr13,chr14,chr15,chr16,chr17,chr18,chr19,chr20,chr21,chr22,chrX,chrY",
      "target_file" : "/.mounts/labs/PDE/data/TargetedSequencingQC/Agilent.SureSelect.All.Exon.V4/SureSelect_All_Exon_V4_Covered_Sorted.bed",
      "template_type" : "EX",
      "varscan_version" : "2.3.7"
    },
    "files" : [ {
      "studyTitle" : [ "JDRT" ],
      "studyAttributes" : {
        "study.geo_lab_group_id" : [ [ "191" ] ]
      },
      "experimentName" : [ "Geo_JDRT_ILLUMINA_EX_{F*126}{..}{R*126}" ],
      "experimentAttributes" : { },
      "sampleName" : [ "JDRT_0087_nn_R_PE_352_EX" ],
      "sampleAttributes" : {
        "sample.geo_library_source_template_type" : [ [ "EX" ] ],
        "sample.geo_prep_kit" : [ [ "Agilent SureSelect XT2" ] ],
        "sample.geo_run_id_and_position_and_slot" : [ [ "2266_7_1", "2269_8_1" ] ],
        "sample.geo_targeted_resequencing" : [ [ "SureSelect v4" ] ],
        "sample.geo_template_id" : [ [ "76363" ] ],
        "sample.geo_template_type" : [ [ "Illumina PE Library Seq" ] ],
        "sample.geo_tissue_origin" : [ [ "nn" ] ],
        "sample.geo_tissue_type" : [ [ "R" ] ]
      },
      "sequencerRunName" : [ "150428_D00343_0085_AC5UT4ANXX" ],
      "sequencerRunAttributes" : {
        "sequencerrun.geo_instrument_run_id" : [ [ "2266" ] ]
      },
      "laneName" : [ "150428_D00343_0085_AC5UT4ANXX_lane_7" ],
      "laneAttributes" : {
        "lane.geo_lane" : [ [ "7" ] ]
      },
      "iusTag" : [ "ATTGGCTC" ],
      "iusAttributes" : { },
      "workflowName" : [ "GenomicAlignmentNovoalign_V2.07.15b" ],
      "processingAlgorithm" : [ "ProvisionFiles" ],
      "processingAttributes" : { },
      "fileMetaType" : [ "application/bam" ],
      "fileAttributes" : { },
      "fileId" : 899898342
    }, {
      "studyTitle" : [ "JDRT" ],
      "studyAttributes" : {
        "study.geo_lab_group_id" : [ [ "191" ] ]
      },
      "experimentName" : [ "Geo_JDRT_ILLUMINA_EX_{F*126}{..}{R*126}" ],
      "experimentAttributes" : { },
      "sampleName" : [ "JDRT_0087_nn_R_PE_352_EX" ],
      "sampleAttributes" : {
        "sample.geo_library_source_template_type" : [ [ "EX" ] ],
        "sample.geo_prep_kit" : [ [ "Agilent SureSelect XT2" ] ],
        "sample.geo_run_id_and_position_and_slot" : [ [ "2266_7_1", "2269_8_1" ] ],
        "sample.geo_targeted_resequencing" : [ [ "SureSelect v4" ] ],
        "sample.geo_template_id" : [ [ "76363" ] ],
        "sample.geo_template_type" : [ [ "Illumina PE Library Seq" ] ],
        "sample.geo_tissue_origin" : [ [ "nn" ] ],
        "sample.geo_tissue_type" : [ [ "R" ] ]
      },
      "sequencerRunName" : [ "150501_D00353_0102_AC6VTDANXX" ],
      "sequencerRunAttributes" : {
        "sequencerrun.geo_instrument_run_id" : [ [ "2269" ] ]
      },
      "laneName" : [ "150501_D00353_0102_AC6VTDANXX_lane_8" ],
      "laneAttributes" : {
        "lane.geo_lane" : [ [ "8" ] ]
      },
      "iusTag" : [ "ATTGGCTC" ],
      "iusAttributes" : { },
      "workflowName" : [ "GenomicAlignmentNovoalign_V2.07.15b" ],
      "processingAlgorithm" : [ "ProvisionFiles" ],
      "processingAttributes" : { },
      "fileMetaType" : [ "application/bam" ],
      "fileAttributes" : { },
      "fileId" : 2021090947
    }, {
      "studyTitle" : [ "JDRT" ],
      "studyAttributes" : {
        "study.geo_lab_group_id" : [ [ "191" ] ]
      },
      "experimentName" : [ "Geo_JDRT_ILLUMINA_EX_{F*126}{..}{R*126}" ],
      "experimentAttributes" : { },
      "sampleName" : [ "JDRT_0087_nn_T_PE_320_EX" ],
      "sampleAttributes" : {
        "sample.geo_library_source_template_type" : [ [ "EX" ] ],
        "sample.geo_prep_kit" : [ [ "Agilent SureSelect XT2" ] ],
        "sample.geo_run_id_and_position_and_slot" : [ [ "2293_8_2", "2296_1_1" ] ],
        "sample.geo_targeted_resequencing" : [ [ "SureSelect v4" ] ],
        "sample.geo_template_id" : [ [ "79039" ] ],
        "sample.geo_template_type" : [ [ "Illumina PE Library Seq" ] ],
        "sample.geo_tissue_origin" : [ [ "nn" ] ],
        "sample.geo_tissue_type" : [ [ "P" ] ]
      },
      "sequencerRunName" : [ "150715_D00355_0088_BC6UPTANXX" ],
      "sequencerRunAttributes" : {
        "sequencerrun.geo_instrument_run_id" : [ [ "2293" ] ]
      },
      "laneName" : [ "150715_D00355_0088_BC6UPTANXX_lane_8" ],
      "laneAttributes" : {
        "lane.geo_lane" : [ [ "8" ] ]
      },
      "iusTag" : [ "CGAACTTA" ],
      "iusAttributes" : { },
      "workflowName" : [ "GenomicAlignmentNovoalign_V2.07.15b" ],
      "processingAlgorithm" : [ "ProvisionFiles" ],
      "processingAttributes" : { },
      "fileMetaType" : [ "application/bam" ],
      "fileAttributes" : { },
      "fileId" : 572083134
    }, {
      "studyTitle" : [ "JDRT" ],
      "studyAttributes" : {
        "study.geo_lab_group_id" : [ [ "191" ] ]
      },
      "experimentName" : [ "Geo_JDRT_ILLUMINA_EX_{F*126}{..}{R*126}" ],
      "experimentAttributes" : { },
      "sampleName" : [ "JDRT_0087_nn_T_PE_320_EX" ],
      "sampleAttributes" : {
        "sample.geo_library_source_template_type" : [ [ "EX" ] ],
        "sample.geo_prep_kit" : [ [ "Agilent SureSelect XT2" ] ],
        "sample.geo_run_id_and_position_and_slot" : [ [ "2293_8_2", "2296_1_1" ] ],
        "sample.geo_targeted_resequencing" : [ [ "SureSelect v4" ] ],
        "sample.geo_template_id" : [ [ "79039" ] ],
        "sample.geo_template_type" : [ [ "Illumina PE Library Seq" ] ],
        "sample.geo_tissue_origin" : [ [ "nn" ] ],
        "sample.geo_tissue_type" : [ [ "P" ] ]
      },
      "sequencerRunName" : [ "150721_D00355_0089_AC6C9UANXX" ],
      "sequencerRunAttributes" : {
        "sequencerrun.geo_instrument_run_id" : [ [ "2296" ] ]
      },
      "laneName" : [ "150721_D00355_0089_AC6C9UANXX_lane_1" ],
      "laneAttributes" : {
        "lane.geo_lane" : [ [ "1" ] ]
      },
      "iusTag" : [ "CGAACTTA" ],
      "iusAttributes" : { },
      "workflowName" : [ "GenomicAlignmentNovoalign_V2.07.15b" ],
      "processingAlgorithm" : [ "ProvisionFiles" ],
      "processingAttributes" : { },
      "fileMetaType" : [ "application/bam" ],
      "fileAttributes" : { },
      "fileId" : 1134767220
    }, {
      "studyTitle" : [ "JDRT" ],
      "studyAttributes" : {
        "study.geo_lab_group_id" : [ [ "191" ] ]
      },
      "experimentName" : [ "Geo_JDRT_ILLUMINA_EX_{F*126}{..}{R*126}" ],
      "experimentAttributes" : { },
      "sampleName" : [ "JDRT_0087_nn_T_PE_366_EX" ],
      "sampleAttributes" : {
        "sample.geo_library_source_template_type" : [ [ "EX" ] ],
        "sample.geo_prep_kit" : [ [ "Agilent SureSelect XT2" ] ],
        "sample.geo_run_id_and_position_and_slot" : [ [ "2264_1_1", "2264_2_1" ] ],
        "sample.geo_targeted_resequencing" : [ [ "SureSelect v4" ] ],
        "sample.geo_template_id" : [ [ "76092" ] ],
        "sample.geo_template_type" : [ [ "Illumina PE Library Seq" ] ],
        "sample.geo_tissue_origin" : [ [ "nn" ] ],
        "sample.geo_tissue_type" : [ [ "P" ] ]
      },
      "sequencerRunName" : [ "150423_D00353_0101_AC6JH4ANXX" ],
      "sequencerRunAttributes" : {
        "sequencerrun.geo_instrument_run_id" : [ [ "2264" ] ]
      },
      "laneName" : [ "150423_D00353_0101_AC6JH4ANXX_lane_1" ],
      "laneAttributes" : {
        "lane.geo_lane" : [ [ "1" ] ]
      },
      "iusTag" : [ "ATCATTCC" ],
      "iusAttributes" : { },
      "workflowName" : [ "GenomicAlignmentNovoalign_V2.07.15b" ],
      "processingAlgorithm" : [ "ProvisionFiles" ],
      "processingAttributes" : { },
      "fileMetaType" : [ "application/bam" ],
      "fileAttributes" : { },
      "fileId" : 12060263
    }, {
      "studyTitle" : [ "JDRT" ],
      "studyAttributes" : {
        "study.geo_lab_group_id" : [ [ "191" ] ]
      },
      "experimentName" : [ "Geo_JDRT_ILLUMINA_EX_{F*126}{..}{R*126}" ],
      "experimentAttributes" : { },
      "sampleName" : [ "JDRT_0087_nn_T_PE_366_EX" ],
      "sampleAttributes" : {
        "sample.geo_library_source_template_type" : [ [ "EX" ] ],
        "sample.geo_prep_kit" : [ [ "Agilent SureSelect XT2" ] ],
        "sample.geo_run_id_and_position_and_slot" : [ [ "2264_1_1", "2264_2_1" ] ],
        "sample.geo_targeted_resequencing" : [ [ "SureSelect v4" ] ],
        "sample.geo_template_id" : [ [ "76092" ] ],
        "sample.geo_template_type" : [ [ "Illumina PE Library Seq" ] ],
        "sample.geo_tissue_origin" : [ [ "nn" ] ],
        "sample.geo_tissue_type" : [ [ "P" ] ]
      },
      "sequencerRunName" : [ "150423_D00353_0101_AC6JH4ANXX" ],
      "sequencerRunAttributes" : {
        "sequencerrun.geo_instrument_run_id" : [ [ "2264" ] ]
      },
      "laneName" : [ "150423_D00353_0101_AC6JH4ANXX_lane_2" ],
      "laneAttributes" : {
        "lane.geo_lane" : [ [ "2" ] ]
      },
      "iusTag" : [ "ATCATTCC" ],
      "iusAttributes" : { },
      "workflowName" : [ "GenomicAlignmentNovoalign_V2.07.15b" ],
      "processingAlgorithm" : [ "ProvisionFiles" ],
      "processingAttributes" : { },
      "fileMetaType" : [ "application/bam" ],
      "fileAttributes" : { },
      "fileId" : -217048431
    } ]
  } ]
}